// Jest Snapshot v1, https://goo.gl/fbAQLP

exports[`palette should match snapshot 1`] = `
Object {
  "background": "#efefef",
  "divider": "#cccccc",
  "error": "#f44336",
  "info": "#90caf9",
  "primary": "#2196f3",
  "secondary": "#f48fb1",
  "success": "#4caf50",
  "text": "#121212",
  "warning": "#ff9800",
  "white": "#ffffff",
}
`;
