// Jest Snapshot v1, https://goo.gl/fbAQLP

exports[`SenderItem.tsx should match snapshot 1`] = `
.c0 {
  padding: 16px;
  -webkit-appearance: none;
  -moz-appearance: none;
  appearance: none;
  font-size: 1rem;
  margin-bottom: 16px;
  border: 1px solid lightgray;
  background-color: initial;
}

.c1 {
  padding: 4px 8px;
  border-radius: 50%;
  margin-left: 8px;
  background: lightgray;
}

<body>
  <div>
    <button
      class="c0"
    >
      
      <span
        class="c1"
      >
        10
      </span>
    </button>
  </div>
</body>
`;
