// Jest Snapshot v1, https://goo.gl/fbAQLP

exports[`Loader.tsx should match snapshot 1`] = `
.c0 {
  display: -webkit-box;
  display: -webkit-flex;
  display: -ms-flexbox;
  display: flex;
  min-height: 100vh;
}

.c1 {
  -webkit-flex-direction: column;
  -ms-flex-direction: column;
  flex-direction: column;
}

.c2 {
  display: -webkit-box;
  display: -webkit-flex;
  display: -ms-flexbox;
  display: flex;
  margin: auto;
  width: 4rem;
  height: 4rem;
  border-radius: 50%;
  background: #90caf9;
  position: relative;
  -webkit-animation: rotate 1s infinite linear;
  animation: rotate 1s infinite linear;
  -webkit-transform: translateZ(0);
  -ms-transform: translateZ(0);
  transform: translateZ(0);
}

.c2:before {
  width: 50%;
  height: 50%;
  background: #ffffff;
  border-radius: 100% 0 0 0;
  position: absolute;
  top: 0;
  left: 0;
  content: '';
}

.c2:after {
  background: #ffffff;
  width: 75%;
  height: 75%;
  border-radius: 50%;
  content: '';
  margin: auto;
  position: absolute;
  top: 0;
  left: 0;
  bottom: 0;
  right: 0;
}

<body>
  <div>
    <div
      class="c0 c1"
      data-testid="loader"
    >
      <span
        class="c2"
      />
    </div>
  </div>
</body>
`;
