// Jest Snapshot v1, https://goo.gl/fbAQLP

exports[`Label.tsx should match snapshot 1`] = `
.c0 {
  display: -webkit-box;
  display: -webkit-flex;
  display: -ms-flexbox;
  display: flex;
  -webkit-flex-direction: column;
  -ms-flex-direction: column;
  flex-direction: column;
  margin-bottom: 16px;
}

.c0:last-of-type {
  margin-bottom: 24px;
}

<body>
  <div>
    <label
      class="c0"
    >
      Name
      <input
        name="name"
        type="text"
      />
    </label>
  </div>
</body>
`;
