// Jest Snapshot v1, https://goo.gl/fbAQLP

exports[`PostItem.tsx should match snapshot 1`] = `
.c0 {
  font-size: 1rem;
  padding: 4px 16px;
  border: 1px solid lightgray;
  margin-bottom: 16px;
}

<body>
  <div>
    <article
      class="c0"
    >
      <p>
        November 5, 2020 14:2:4
      </p>
      <hr />
      <p>
        initiative bury oak tired bracket habitat save grow desert credit card business product connection master boy respectable sweet depression
      </p>
    </article>
  </div>
</body>
`;
