// Jest Snapshot v1, https://goo.gl/fbAQLP

exports[`Input.tsx should match snapshot 1`] = `
.c0 {
  font-size: 1rem;
  color: #121212;
  padding: 12px;
  border: 1px solid #cccccc;
  background-color: #ffffff;
}

.c0:hover {
  border-color: #121212;
}

<body>
  <div>
    <input
      class="c0"
      placeholder="Search..."
      type="text"
    />
  </div>
</body>
`;

exports[`Input.tsx should match snapshot with error 1`] = `
<body>
  .c0 {
  font-size: 1rem;
  color: #121212;
  padding: 12px;
  border: 1px solid #cccccc;
  background-color: #ffffff;
}

.c0:hover {
  border-color: #121212;
}

<div>
    <input
      class="c0"
      placeholder="Search..."
      type="text"
    />
  </div>
</body>
`;
